#
# nativo.map
#
alt_is_meta
keymaps 0-12
include "qwerty-layout"
include "linux-with-alt-and-altgr"
strings as usual
compose as usual for "iso-8859-1"

keycode   1 = Escape Escape
keycode  14 = Delete  Delete
keycode  15 = Tab Tab
keycode  28 = Return
keycode  29 = Control
keycode  42 = Shift
keycode  54 = Shift
keycode  56 = Alt
keycode  58 = Caps_Lock
keycode  69 = Num_Lock
keycode  97 = Control
keycode 125 = Scroll_Backward
keycode 126 = Scroll_Forward
keycode 127 = Compose
keycode  70 = Scroll_Lock Show_Memory Show_Registers Show_State

#strings as usual
#compose as usual for "iso-8859-1"

keycode  57 = space underscore nobreakspace U+202f Control_underscore

#
# Garante o funcionamento correto do teclado numérico
#
keycode 83 = comma
shift keycode 83 = comma
control alt keycode  83 = Boot

keycode 121 = period
shift keycode 121 = period

#
# Linha numérica
#
keycode 41 = equal bar U+2260 backslash Control_backslash
keycode  2 = +asterisk +zero multiply
keycode  3 = +plus +one plusminus
keycode  4 = +slash +two division
keycode  5 = +minus +three U+2212 U+2044
keycode  6 = +numbersign +four percent
keycode  7 = +dollar +five
keycode  8 = +braceleft +six
keycode  9 = +braceright +seven U+2032
keycode 10 = +bracketleft +eight U+2033
keycode 11 = +bracketright +nine degree
keycode 12 = parenleft less ordfeminine
keycode 13 = parenright greater masculine

#
# Primeira linha
#
keycode 16 = question exclam
keycode 17 = comma semicolon
keycode 18 = period colon
keycode 19 = +h +H VoidSymbol VoidSymbol Control_h
keycode 20 = +x +X VoidSymbol VoidSymbol Control_x
keycode 21 = +w +W U+F8FD U+F8FE Control_w
keycode 22 = +l +L U+2018 U+2039 Control_l
keycode 23 = +t +T U+2019 U+2040 Control_t
keycode 24 = +c +C U+201C U+00AB Control_c
keycode 25 = +p +P U+201D U+00BB Control_p
keycode 26 = dead_tilde dead_grave U+0331
keycode 27 = at ampersand section paragraph

#
# Segunda linha
#
keycode 30 = +i +I VoidSymbol VoidSymbol Control_i
keycode 31 = +e +E +egrave +Egrave Control_e
keycode 32 = +a +A +agrave +Agrave Control_a
keycode 33 = +o +O +ograve +Ograve Control_o
keycode 34 = +u +U +ubreve +Ubreve Control_w
keycode 35 = +m +M U+00b5 VoidSymbol Control_m
keycode 36 = +d +D VoidSymbol VoidSymbol Control_d
keycode 37 = +s +S VoidSymbol VoidSymbol Control_s
keycode 38 = +r +R VoidSymbol VoidSymbol Control_r
keycode 39 = +n +N VoidSymbol VoidSymbol Control_n
keycode 40 = dead_acute dead_circumflex dead_diaeresis dead_caron
keycode 43 = apostrophe quotedbl U+2019

#
# Terceira linha
#
keycode 86 = minus underscore minus underscore
keycode 44 = +y +Y +U+1EF9 +U+1EF8 Control_y
keycode 45 = +ccedilla +Ccedilla
keycode 46 = +j +J VoidSymbol VoidSymbol Control_j
keycode 47 = +b +B VoidSymbol VoidSymbol Control_b
keycode 48 = +k +K VoidSymbol VoidSymbol Control_k
keycode 49 = +q +Q VoidSymbol VoidSymbol Control_q
keycode 50 = +v +V VoidSymbol VoidSymbol Control_v
keycode 51 = +g +G VoidSymbol VoidSymbol Control_g
keycode 52 = +f +F VoidSymbol VoidSymbol Control_f
keycode 53 = +z +Z VoidSymbol VoidSymbol Control_z
keycode 89 = backslash bar backslash bar
